// Jest Snapshot v1, https://goo.gl/fbAQLP

exports[`Drawer Item renders correctly 1`] = `
<WithStyles(ListItem)
  button={true}
  id="list-item"
  key="Unknown"
  onClick={[Function]}
>
  <WithStyles(ListItemIcon)>
    <ItemIcon />
  </WithStyles(ListItemIcon)>
  <p
    className="item-text"
  >
    Unknown
  </p>
</WithStyles(ListItem)>
`;
