// Jest Snapshot v1, https://goo.gl/fbAQLP

exports[`Side Drawer renders correctly 1`] = `
<div
  className="drawer"
>
  <AvatarImage
    alt="Anonymous"
    url="https://cdn.shopify.com/s/files/1/0539/4361/products/anonymous-guy-fawkes-anarchy-decal.jpg?v=1410346765"
  />
  <span
    className="title"
  >
    Anonymous
  </span>
  <span
    className="sub-title"
  >
    Descrição da escola
  </span>
  <div
    className="list"
  >
    <DrawerItem
      action={[Function]}
      icon={
        <ItemIcon
          alt="Dashboard"
          img="dashboard.svg"
        />
      }
      id="drawer-item"
      key="Dashboard"
      text="Dashboard"
    />
    <DrawerItem
      action={[Function]}
      icon={
        <ItemIcon
          alt="Agenda"
          img="undefined.svg"
        />
      }
      id="drawer-item"
      key="Agenda"
      text="Agenda"
    />
  </div>
</div>
`;
