// Jest Snapshot v1, https://goo.gl/fbAQLP

exports[`WithStyles with branch Meier should match with snapshot 1`] = `
<WithStyles(Card)
  className="SinapzCard-card-1"
  key="2"
>
  <WithStyles(Grid)
    container={true}
    direction="row"
    spacing={8}
  >
    <WithStyles(Grid)
      container={true}
      item={true}
      xs={1}
    >
      <WithStyles(CardHeader)
        avatar={
          <WithStyles(Avatar)>
            R
          </WithStyles(Avatar)>
        }
      />
    </WithStyles(Grid)>
    <WithStyles(Grid)
      item={true}
      xs={8}
    >
      <WithStyles(CardContent)>
        <WithStyles(Grid)
          item={true}
          xs={2}
        >
          <WithStyles(Typography)
            className="SinapzCard-title-2"
            gutterBottom={true}
            variant="h4"
          >
            Meier
          </WithStyles(Typography)>
        </WithStyles(Grid)>
        <WithStyles(Grid)
          item={true}
          xs={4}
        >
          <WithStyles(Typography)
            className="SinapzCard-inCharge-3"
            gutterBottom={true}
            variant="subtitle1"
          >
            Paula
          </WithStyles(Typography)>
        </WithStyles(Grid)>
      </WithStyles(CardContent)>
    </WithStyles(Grid)>
  </WithStyles(Grid)>
</WithStyles(Card)>
`;
